// Jest Snapshot v1, https://goo.gl/fbAQLP

exports[`Test SearchField should render as expected 1`] = `
Object {
  "asFragment": [Function],
  "baseElement": <body>
    <div>
      <div
        class="c-lesPJm c-lesPJm-icmpvrW-css"
      >
        <div
          class="c-lesPJm c-lesPJm-ibSoECS-css"
        >
          <svg
            class="lucide lucide-search"
            fill="none"
            height="20"
            stroke="currentColor"
            stroke-linecap="round"
            stroke-linejoin="round"
            stroke-width="2"
            viewBox="0 0 24 24"
            width="20"
            xmlns="http://www.w3.org/2000/svg"
          >
            <circle
              cx="11"
              cy="11"
              r="8"
            />
            <line
              x1="21"
              x2="16.65"
              y1="21"
              y2="16.65"
            />
          </svg>
        </div>
        <input
          class="c-PdLBs c-PdLBs-bJUIkY-size-sm c-PdLBs-iewdWQl-css"
          placeholder="Search test.."
          value=""
        />
      </div>
    </div>
  </body>,
  "container": <div>
    <div
      class="c-lesPJm c-lesPJm-icmpvrW-css"
    >
      <div
        class="c-lesPJm c-lesPJm-ibSoECS-css"
      >
        <svg
          class="lucide lucide-search"
          fill="none"
          height="20"
          stroke="currentColor"
          stroke-linecap="round"
          stroke-linejoin="round"
          stroke-width="2"
          viewBox="0 0 24 24"
          width="20"
          xmlns="http://www.w3.org/2000/svg"
        >
          <circle
            cx="11"
            cy="11"
            r="8"
          />
          <line
            x1="21"
            x2="16.65"
            y1="21"
            y2="16.65"
          />
        </svg>
      </div>
      <input
        class="c-PdLBs c-PdLBs-bJUIkY-size-sm c-PdLBs-iewdWQl-css"
        placeholder="Search test.."
        value=""
      />
    </div>
  </div>,
  "debug": [Function],
  "findAllByAltText": [Function],
  "findAllByDisplayValue": [Function],
  "findAllByLabelText": [Function],
  "findAllByPlaceholderText": [Function],
  "findAllByRole": [Function],
  "findAllByTestId": [Function],
  "findAllByText": [Function],
  "findAllByTitle": [Function],
  "findByAltText": [Function],
  "findByDisplayValue": [Function],
  "findByLabelText": [Function],
  "findByPlaceholderText": [Function],
  "findByRole": [Function],
  "findByTestId": [Function],
  "findByText": [Function],
  "findByTitle": [Function],
  "getAllByAltText": [Function],
  "getAllByDisplayValue": [Function],
  "getAllByLabelText": [Function],
  "getAllByPlaceholderText": [Function],
  "getAllByRole": [Function],
  "getAllByTestId": [Function],
  "getAllByText": [Function],
  "getAllByTitle": [Function],
  "getByAltText": [Function],
  "getByDisplayValue": [Function],
  "getByLabelText": [Function],
  "getByPlaceholderText": [Function],
  "getByRole": [Function],
  "getByTestId": [Function],
  "getByText": [Function],
  "getByTitle": [Function],
  "queryAllByAltText": [Function],
  "queryAllByDisplayValue": [Function],
  "queryAllByLabelText": [Function],
  "queryAllByPlaceholderText": [Function],
  "queryAllByRole": [Function],
  "queryAllByTestId": [Function],
  "queryAllByText": [Function],
  "queryAllByTitle": [Function],
  "queryByAltText": [Function],
  "queryByDisplayValue": [Function],
  "queryByLabelText": [Function],
  "queryByPlaceholderText": [Function],
  "queryByRole": [Function],
  "queryByTestId": [Function],
  "queryByText": [Function],
  "queryByTitle": [Function],
  "rerender": [Function],
  "unmount": [Function],
}
`;
