// Jest Snapshot v1, https://goo.gl/fbAQLP

exports[`Test Table should render as expected 1`] = `
Object {
  "asFragment": [Function],
  "baseElement": <body>
    <div>
      <div
        class="c-hMqJpz c-hMqJpz-ebinYA-direction-horizontal c-hMqJpz-dMdkyz-cv c-hMqJpz-lbtSuu-cv"
      >
        <div
          class="c-lesPJm c-lesPJm-idWksIc-css"
        >
          <table
            class="c-eyJUct c-eyJUct-iaQqDl-css"
          >
            <thead
              class="c-gsnRPq"
            >
              <tr
                class="c-PJLV"
              >
                <th
                  class="c-dLElCH c-dLElCH-heqqZn-align-start"
                >
                  Prop
                </th>
              </tr>
            </thead>
            <tbody
              class="c-fGHEql"
            >
              <tr
                class="c-PJLV"
              >
                <th
                  class="c-dLElCH c-dLElCH-heqqZn-align-start"
                >
                  defaultOpen
                </th>
              </tr>
            </tbody>
            <tfoot
              class="c-PJLV"
            >
              <tr
                class="c-PJLV"
              >
                <th
                  class="c-dLElCH c-dLElCH-heqqZn-align-start"
                >
                  modal
                </th>
              </tr>
            </tfoot>
          </table>
        </div>
      </div>
    </div>
  </body>,
  "container": <div>
    <div
      class="c-hMqJpz c-hMqJpz-ebinYA-direction-horizontal c-hMqJpz-dMdkyz-cv c-hMqJpz-lbtSuu-cv"
    >
      <div
        class="c-lesPJm c-lesPJm-idWksIc-css"
      >
        <table
          class="c-eyJUct c-eyJUct-iaQqDl-css"
        >
          <thead
            class="c-gsnRPq"
          >
            <tr
              class="c-PJLV"
            >
              <th
                class="c-dLElCH c-dLElCH-heqqZn-align-start"
              >
                Prop
              </th>
            </tr>
          </thead>
          <tbody
            class="c-fGHEql"
          >
            <tr
              class="c-PJLV"
            >
              <th
                class="c-dLElCH c-dLElCH-heqqZn-align-start"
              >
                defaultOpen
              </th>
            </tr>
          </tbody>
          <tfoot
            class="c-PJLV"
          >
            <tr
              class="c-PJLV"
            >
              <th
                class="c-dLElCH c-dLElCH-heqqZn-align-start"
              >
                modal
              </th>
            </tr>
          </tfoot>
        </table>
      </div>
    </div>
  </div>,
  "debug": [Function],
  "findAllByAltText": [Function],
  "findAllByDisplayValue": [Function],
  "findAllByLabelText": [Function],
  "findAllByPlaceholderText": [Function],
  "findAllByRole": [Function],
  "findAllByTestId": [Function],
  "findAllByText": [Function],
  "findAllByTitle": [Function],
  "findByAltText": [Function],
  "findByDisplayValue": [Function],
  "findByLabelText": [Function],
  "findByPlaceholderText": [Function],
  "findByRole": [Function],
  "findByTestId": [Function],
  "findByText": [Function],
  "findByTitle": [Function],
  "getAllByAltText": [Function],
  "getAllByDisplayValue": [Function],
  "getAllByLabelText": [Function],
  "getAllByPlaceholderText": [Function],
  "getAllByRole": [Function],
  "getAllByTestId": [Function],
  "getAllByText": [Function],
  "getAllByTitle": [Function],
  "getByAltText": [Function],
  "getByDisplayValue": [Function],
  "getByLabelText": [Function],
  "getByPlaceholderText": [Function],
  "getByRole": [Function],
  "getByTestId": [Function],
  "getByText": [Function],
  "getByTitle": [Function],
  "queryAllByAltText": [Function],
  "queryAllByDisplayValue": [Function],
  "queryAllByLabelText": [Function],
  "queryAllByPlaceholderText": [Function],
  "queryAllByRole": [Function],
  "queryAllByTestId": [Function],
  "queryAllByText": [Function],
  "queryAllByTitle": [Function],
  "queryByAltText": [Function],
  "queryByDisplayValue": [Function],
  "queryByLabelText": [Function],
  "queryByPlaceholderText": [Function],
  "queryByRole": [Function],
  "queryByTestId": [Function],
  "queryByText": [Function],
  "queryByTitle": [Function],
  "rerender": [Function],
  "unmount": [Function],
}
`;
